../Core/Src/main.c:151:5:__io_putchar	16	static
../Core/Src/main.c:162:6:printDebugMessage	8	static
../Core/Src/main.c:170:6:readSonicSensor	8	static
../Core/Src/main.c:176:9:vSignalDistanceValue	24	static
../Core/Src/main.c:210:6:vDriveForward	8	static
../Core/Src/main.c:218:6:vDriveBackward	8	static
../Core/Src/main.c:226:6:vStopAcceleration	8	static
../Core/Src/main.c:234:6:vTurnLeft	8	static
../Core/Src/main.c:244:6:vTurnRight	8	static
../Core/Src/main.c:255:6:vDriveProc	8	static
../Core/Src/main.c:282:6:HAL_GPIO_EXTI_Callback	16	static
../Core/Src/main.c:290:6:vSetScannerPosition	16	static
../Core/Src/main.c:294:9:usScanWithSensor	16	static
../Core/Src/main.c:308:9:usScanForTurn	16	static
../Core/Src/main.c:341:9:usScanForward	8	static
../Core/Src/main.c:351:6:vCar_Main	8	static
../Core/Src/main.c:449:6:HAL_TIM_PeriodElapsedCallback	16	static
../Core/Src/main.c:478:5:main	8	static
../Core/Src/main.c:577:6:SystemClock_Config	160	static
../Core/Src/main.c:630:13:MX_TIM2_Init	64	static
../Core/Src/main.c:698:13:MX_TIM3_Init	64	static
../Core/Src/main.c:757:13:MX_TIM4_Init	48	static
../Core/Src/main.c:806:13:MX_TIM15_Init	40	static
../Core/Src/main.c:852:13:MX_TIM16_Init	8	static
../Core/Src/main.c:884:13:MX_USART2_UART_Init	8	static
../Core/Src/main.c:919:13:MX_GPIO_Init	40	static
../Core/Src/main.c:982:6:Error_Handler	4	static,ignoring_inline_asm
