../Core/Src/main.c:127:5:__io_putchar	16	static
../Core/Src/main.c:138:6:printDebugMessage	8	static
../Core/Src/main.c:146:6:readSonicSensor	8	static
../Core/Src/main.c:153:6:vSignalDistanceValue	24	static
../Core/Src/main.c:182:6:vDriveForward	8	static
../Core/Src/main.c:190:6:vDriveBackward	8	static
../Core/Src/main.c:198:6:vStopAcceleration	8	static
../Core/Src/main.c:206:6:vTurnLeft	8	static
../Core/Src/main.c:216:6:vTurnRight	8	static
../Core/Src/main.c:228:6:vDriveProc	8	static
../Core/Src/main.c:255:6:vCar_Main	8	static
../Core/Src/main.c:278:6:HAL_TIM_PeriodElapsedCallback	16	static
../Core/Src/main.c:307:5:main	56	static
../Core/Src/main.c:418:6:SystemClock_Config	160	static
../Core/Src/main.c:471:13:MX_TIM2_Init	64	static
../Core/Src/main.c:539:13:MX_TIM3_Init	64	static
../Core/Src/main.c:598:13:MX_TIM4_Init	48	static
../Core/Src/main.c:647:13:MX_TIM15_Init	40	static
../Core/Src/main.c:693:13:MX_TIM16_Init	8	static
../Core/Src/main.c:725:13:MX_USART2_UART_Init	8	static
../Core/Src/main.c:760:13:MX_GPIO_Init	40	static
../Core/Src/main.c:813:6:Error_Handler	4	static,ignoring_inline_asm
